   ▲ Next.js 15.2.0

   Creating an optimized production build ...
Failed to compile.

./node_modules/lucide-react/dist/esm/lucide-react.js
Module not found: Can't resolve './icons/arrow-right.js'

https://nextjs.org/docs/messages/module-not-found

Import trace for requested module:
./components/Hero.tsx
./app/page.tsx

./node_modules/lucide-react/dist/esm/lucide-react.js
Module not found: Can't resolve './icons/mouse-pointer-2.js'

https://nextjs.org/docs/messages/module-not-found

Import trace for requested module:
./components/Hero.tsx
./app/page.tsx

./node_modules/lucide-react/dist/esm/lucide-react.js
Module not found: Can't resolve './icons/arrow-up-right.js'

https://nextjs.org/docs/messages/module-not-found

Import trace for requested module:
./components/Work.tsx
./app/page.tsx

./node_modules/lucide-react/dist/esm/lucide-react.js
Module not found: Can't resolve './icons/briefcase.js'

https://nextjs.org/docs/messages/module-not-found

Import trace for requested module:
./components/Experience.tsx
./app/page.tsx

./node_modules/lucide-react/dist/esm/lucide-react.js
Module not found: Can't resolve './icons/graduation-cap.js'

https://nextjs.org/docs/messages/module-not-found

Import trace for requested module:
./components/Experience.tsx
./app/page.tsx


> Build failed because of webpack errors
